Microchip MPLAB XC8 Compiler V2.36

Linker command line:

-W-3 --edf=C:\Program Files\Microchip\xc8\v2.36\pic\dat\en_msgs.txt -cn \
  -h+dist/default/production\Teclado4x4.X.production.sym \
  --cmf=dist/default/production\Teclado4x4.X.production.cmf -z -Q16F877A \
  -oC:\Users\marco\AppData\Local\Temp\xcAsc1o.5 --defsym=__MPLAB_BUILD=1 \
  -Mdist/default/production/Teclado4x4.X.production.map \
  --md=C:\Users\marco\AppData\Local\Temp\xcBsc1o.dat -E1 -ver=XC8 Compiler \
  --acfsm=1493 -ACODE=00h-07FFhx4 -ASTRCODE=00h-01FFFh -ASTRING=00h-0FFhx32 \
  -ACONST=00h-0FFhx32 -AENTRY=00h-0FFhx32 -ACOMMON=070h-07Fh \
  -ABANK0=020h-06Fh -ABANK1=0A0h-0EFh -ABANK2=0110h-016Fh \
  -ABANK3=0190h-01EFh -ARAM=020h-06Fh,0A0h-0EFh,0110h-016Fh,0190h-01EFh \
  -AABS1=020h-07Fh,0A0h-0EFh,0110h-016Fh,0190h-01EFh -ASFR0=00h-01Fh \
  -ASFR1=080h-09Fh -ASFR2=0100h-010Fh -ASFR3=0180h-018Fh \
  -ACONFIG=02007h-02007h -DCONFIG=2 -AIDLOC=02000h-02003h -DIDLOC=2 \
  -AEEDATA=00h-0FFh/02100h -peeprom_data=EEDATA -DEEDATA=2 -DCODE=2 \
  -DSTRCODE=2 -DSTRING=2 -DCONST=2 -DENTRY=2 \
  -preset_vec=00h,intentry=04h,init,end_init -ppowerup=CODE -pcinit=CODE \
  -pfunctab=ENTRY -k C:\Users\marco\AppData\Local\Temp\xcAsc1o.o \
  dist/default/production\Teclado4x4.X.production.o 

Object code version is 3.11

Machine type is 16F877A



                Name                               Link     Load   Length Selector   Space Scale
C:\Users\marco\AppData\Local\Temp\xcAsc1o.o
                end_init                              C        C        3        8       0
                reset_vec                             0        0        3        0       0
                config                             2007     2007        1        0       4
                idloc                              2000     2000        4        0       5
dist/default/production\Teclado4x4.X.production.o
                cinit                                 F        F       13        8       0
                intentry                              4        4        8        8       0
                config                             2007     2007        1        0       4
                idloc                              2000     2000        4        0       5
                text8                               1BD      1BD        F      37A       0
                text7                               1CC      1CC        A      37A       0
                text6                               155      155       24        8       0
                text5                                22       22       46        8       0
                text4                               179      179       22        8       0
                text3                                AD       AD       42        8       0
                text2                                68       68       45        8       0
                text1                               125      125       30        8       0
                maintext                             EF       EF       36        8       0
                cstackCOMMON                         70       70        9       70       1
                inittext                            19B      19B       13        8       0
                dataBANK0                            20       20        8       20       1
                bssCOMMON                            79       79        1       70       1
                strings                             1AE      1AE        F      35C       0
                idataBANK0                          1D6      1D6        8      37A       0

TOTAL           Name                               Link     Load   Length     Space
        CLASS   CODE           
                end_init                              C        C        3         0
                cinit                                 F        F       13         0
                intentry                              4        4        8         0
                reset_vec                             0        0        3         0
                text8                               1BD      1BD        F         0
                text7                               1CC      1CC        A         0
                text6                               155      155       24         0
                text5                                22       22       46         0
                text4                               179      179       22         0
                text3                                AD       AD       42         0
                text2                                68       68       45         0
                text1                               125      125       30         0
                maintext                             EF       EF       36         0
                inittext                            19B      19B       13         0
                idataBANK0                          1D6      1D6        8         0

        CLASS   STRCODE        

        CLASS   STRING         
                strings                             1AE      1AE        F         0

        CLASS   CONST          

        CLASS   ENTRY          

        CLASS   COMMON         
                cstackCOMMON                         70       70        9         1
                bssCOMMON                            79       79        1         1

        CLASS   BANK0          
                dataBANK0                            20       20        8         1

        CLASS   BANK1          

        CLASS   BANK2          

        CLASS   BANK3          

        CLASS   RAM            

        CLASS   ABS1           
                abs_s1                               7E       7E        2         1

        CLASS   SFR0           

        CLASS   SFR1           

        CLASS   SFR2           

        CLASS   SFR3           

        CLASS   CONFIG         
                config                             2007     2007        1         4

        CLASS   IDLOC          
                idloc                              2000     2000        4         5

        CLASS   EEDATA         

        CLASS   STACK          



SEGMENTS        Name                           Load    Length   Top    Selector   Space  Class     Delta

                reset_vec                      000000  000003  000003         0       0  CODE        2
                intentry                       000004  0001AA  0001AE         8       0  CODE        2
                dataBANK0                      000020  000008  000028        20       1  BANK0       1
                cstackCOMMON                   000070  00000A  00007A        70       1  COMMON      1
                strings                        0001AE  00000F  0001BD       35C       0  STRING      2
                text8                          0001BD  000021  0001DE       37A       0  CODE        2


UNUSED ADDRESS RANGES

        Name                Unused          Largest block    Delta
        BANK0            0028-006F             48           1
        BANK1            00A0-00EF             50           1
        BANK2            0110-016F             60           1
        BANK3            0190-01EF             60           1
        CODE             0003-0003              1           2
                         01DE-1FFF            800
        COMMON           007A-007D              4           1
        CONST            0003-0003              1           2
                         01DE-1FFF            100
        EEDATA           2100-21FF            100           2
        ENTRY            0003-0003              1           2
                         01DE-1FFF            100
        RAM              0028-006F             48           1
                         00A0-00EF             50
                         0110-016F             60
                         0190-01EF             60
        SFR0             0000-001F             20           1
        SFR1             0080-009F             20           1
        SFR2             0100-010F             10           1
        SFR3             0180-018F             10           1
        STRCODE          0003-0003              1           2
                         01DE-1FFF           1E22
        STRING           0003-0003              1           2
                         01DE-1FFF            100

                                  Symbol Table

_CGRAM1                             dataBANK0    0020
_INTCONbits                         (abs)        000B
_ISR                                text8        01BD
_LCD_Init                           text6        0155
_LCD_delay                          text7        01CC
_PORTB                              (abs)        0006
_PORTBbits                          (abs)        0006
_PORTC                              (abs)        0007
_TRISB                              (abs)        0086
_TRISBbits                          (abs)        0086
_TRISC                              (abs)        0087
__Habs1                             abs1         0000
__Hbank0                            bank0        0000
__Hbank1                            bank1        0000
__Hbank2                            bank2        0000
__Hbank3                            bank3        0000
__HbssCOMMON                        bssCOMMON    0000
__Hcinit                            cinit        0022
__Hclrtext                          clrtext      0000
__Hcode                             code         0000
__Hcommon                           common       0000
__Hconfig                           config       2008
__HcstackCOMMON                     cstackCOMMON 0000
__HdataBANK0                        dataBANK0    0000
__Heeprom_data                      eeprom_data  0000
__Hend_init                         end_init     000F
__Hfunctab                          functab      0000
__HidataBANK0                       idataBANK0   0000
__Hidloc                            idloc        2004
__Hinit                             init         000C
__Hinittext                         inittext     0000
__Hintentry                         intentry     000C
__Hmaintext                         maintext     0000
__Hpowerup                          powerup      0000
__Hram                              ram          0000
__Hreset_vec                        reset_vec    0003
__Hsfr0                             sfr0         0000
__Hsfr1                             sfr1         0000
__Hsfr2                             sfr2         0000
__Hsfr3                             sfr3         0000
__Hspace_0                          (abs)        01DE
__Hspace_1                          (abs)        007A
__Hspace_2                          (abs)        0000
__Hspace_3                          (abs)        0000
__Hspace_4                          (abs)        400F
__Hstack                            stack        0000
__Hstrings                          strings      0000
__Htext                             text         0000
__Labs1                             abs1         0000
__Lbank0                            bank0        0000
__Lbank1                            bank1        0000
__Lbank2                            bank2        0000
__Lbank3                            bank3        0000
__LbssCOMMON                        bssCOMMON    0000
__Lcinit                            cinit        000F
__Lclrtext                          clrtext      0000
__Lcode                             code         0000
__Lcommon                           common       0000
__Lconfig                           config       0000
__LcstackCOMMON                     cstackCOMMON 0000
__LdataBANK0                        dataBANK0    0000
__Leeprom_data                      eeprom_data  0000
__Lend_init                         end_init     000C
__Lfunctab                          functab      0000
__LidataBANK0                       idataBANK0   0000
__Lidloc                            idloc        0000
__Linit                             init         000C
__Linittext                         inittext     0000
__Lintentry                         intentry     0004
__Lmaintext                         maintext     0000
__Lpowerup                          powerup      0000
__Lram                              ram          0000
__Lreset_vec                        reset_vec    0000
__Lsfr0                             sfr0         0000
__Lsfr1                             sfr1         0000
__Lsfr2                             sfr2         0000
__Lsfr3                             sfr3         0000
__Lspace_0                          (abs)        0000
__Lspace_1                          (abs)        0000
__Lspace_2                          (abs)        0000
__Lspace_3                          (abs)        0000
__Lspace_4                          (abs)        0000
__Lstack                            stack        0000
__Lstrings                          strings      0000
__Ltext                             text         0000
__S0                                (abs)        01DE
__S1                                (abs)        007A
__S3                                (abs)        0000
___int_sp                           stack        0000
___latbits                          (abs)        0002
___sp                               stack        0000
___stackhi                          (abs)        0000
___stacklo                          (abs)        0000
__end_of_ISR                        text8        01CC
__end_of_LCD_Init                   text6        0179
__end_of_LCD_delay                  text7        01D6
__end_of__initialization            cinit        001E
__end_of__stringtab                 strings      01B4
__end_of_escribir_cadena            text4        019B
__end_of_escribir_caracter          text5        0068
__end_of_escribir_caracter_especial text1        0155
__end_of_escribir_comando           text3        00EF
__end_of_leer_direccion_DDRAM       text2        00AD
__end_of_main                       maintext     0125
__initialization                    cinit        000F
__pbssCOMMON                        bssCOMMON    0079
__pcstackCOMMON                     cstackCOMMON 0070
__pdataBANK0                        dataBANK0    0020
__pidataBANK0                       idataBANK0   01D6
__pintentry                         intentry     0004
__pmaintext                         maintext     00EF
__pstrings                          strings      01AE
__ptext1                            text1        0125
__ptext2                            text2        0068
__ptext3                            text3        00AD
__ptext4                            text4        0179
__ptext5                            text5        0022
__ptext6                            text6        0155
__ptext7                            text7        01CC
__ptext8                            text8        01BD
__stringbase                        strings      01B3
__stringtab                         strings      01AE
_direccion_DDRAM                    bssCOMMON    0079
_escribir_cadena                    text4        0179
_escribir_caracter                  text5        0022
_escribir_caracter_especial         text1        0125
_escribir_comando                   text3        00AD
_leer_direccion_DDRAM               text2        0068
_main                               maintext     00EF
btemp                               (abs)        007E
end_of_initialization               cinit        001E
escribir_cadena@cadena              cstackCOMMON 0077
escribir_cadena@i                   cstackCOMMON 0078
escribir_caracter@caracter          cstackCOMMON 0075
escribir_caracter_especial@DirCGRAM cstackCOMMON 0077
escribir_caracter_especial@i        cstackCOMMON 0078
escribir_comando@comando            cstackCOMMON 0075
init_fetch0                         inittext     019B
init_ram0                           inittext     019F
interrupt_function                  intentry     0004
intlevel0                           functab      0000
intlevel1                           functab      0000
intlevel2                           functab      0000
intlevel3                           functab      0000
intlevel4                           functab      0000
intlevel5                           functab      0000
reset_vec                           reset_vec    0000
saved_w                             (abs)        007E
start                               init         000C
start_initialization                cinit        000F
wtemp0                              (abs)        007E


MODULE INFORMATION

Module		Function		Class		Link	Load	Size
LCD16x2.c
		_escribir_caracter		CODE           	0022	0000	70
		_LCD_Init      		CODE           	0155	0000	36
		_escribir_cadena		CODE           	0179	0000	34
		_leer_direccion_DDRAM		CODE           	0068	0000	69
		_escribir_caracter_especial		CODE           	0125	0000	48
		_LCD_delay     		CODE           	01CC	0000	10
		_escribir_comando		CODE           	00AD	0000	66

LCD16x2.c estimated size: 333

Main.c
		_ISR           		CODE           	01BD	0000	15
		_main          		CODE           	00EF	0000	54

Main.c estimated size: 69

shared
		__stringtab    		STRING         	01AE	0000	6
		__initialization		CODE           	000F	0000	15

shared estimated size: 21

