Microchip MPLAB XC8 Compiler V2.36

Linker command line:

-W-3 --edf=C:\Program Files\Microchip\xc8\v2.36\pic\dat\en_msgs.txt -cn \
  -h+dist/default/production\LCD16X2_4_version_.X.production.sym \
  --cmf=dist/default/production\LCD16X2_4_version_.X.production.cmf -z \
  -Q16F877A -oC:\Users\marco\AppData\Local\Temp\xcAs8vg.4 \
  --defsym=__MPLAB_BUILD=1 \
  -Mdist/default/production/LCD16X2_4_version_.X.production.map \
  --md=C:\Users\marco\AppData\Local\Temp\xcAs8vg.dat -E1 -ver=XC8 Compiler \
  --acfsm=1493 -ACODE=00h-07FFhx4 -ASTRCODE=00h-01FFFh -ASTRING=00h-0FFhx32 \
  -ACONST=00h-0FFhx32 -AENTRY=00h-0FFhx32 -ACOMMON=070h-07Fh \
  -ABANK0=020h-06Fh -ABANK1=0A0h-0EFh -ABANK2=0110h-016Fh \
  -ABANK3=0190h-01EFh -ARAM=020h-06Fh,0A0h-0EFh,0110h-016Fh,0190h-01EFh \
  -AABS1=020h-07Fh,0A0h-0EFh,0110h-016Fh,0190h-01EFh -ASFR0=00h-01Fh \
  -ASFR1=080h-09Fh -ASFR2=0100h-010Fh -ASFR3=0180h-018Fh \
  -ACONFIG=02007h-02007h -DCONFIG=2 -AIDLOC=02000h-02003h -DIDLOC=2 \
  -AEEDATA=00h-0FFh/02100h -peeprom_data=EEDATA -DEEDATA=2 -DCODE=2 \
  -DSTRCODE=2 -DSTRING=2 -DCONST=2 -DENTRY=2 \
  -preset_vec=00h,intentry,init,end_init -ppowerup=CODE -pcinit=CODE \
  -pfunctab=ENTRY -k C:\Users\marco\AppData\Local\Temp\xcAs8vg.o \
  dist/default/production\LCD16X2_4_version_.X.production.o 

Object code version is 3.11

Machine type is 16F877A



                Name                               Link     Load   Length Selector   Space Scale
C:\Users\marco\AppData\Local\Temp\xcAs8vg.o
                end_init                              0        0        3        0       0
                config                             2007     2007        1        0       4
                idloc                              2000     2000        4        0       5
dist/default/production\LCD16X2_4_version_.X.production.o
                cinit                               7CB      7CB       35      F96       0
                config                             2007     2007        1        0       4
                idloc                              2000     2000        4        0       5
                text7                               640      640        2      C80       0
                text6                               67F      67F       24      CFE       0
                text5                               785      785       46      F0A       0
                text4                               65D      65D       22      CBA       0
                text3                               6FE      6FE       42      DFC       0
                text2                               740      740       45      E80       0
                text1                               6CF      6CF       2F      D9E       0
                maintext                            6A3      6A3       2C      D46       0
                cstackCOMMON                         78       78        5       70       1
                inittext                            64A      64A       13      C94       0
                dataCOMMON                           70       70        8       70       1
                bssCOMMON                            7D       7D        1       70       1
                strings                               3        3        F        6       0
                idataCOMMON                         642      642        8      C84       0

TOTAL           Name                               Link     Load   Length     Space
        CLASS   CODE           
                end_init                              0        0        3         0
                cinit                               7CB      7CB       35         0
                text7                               640      640        2         0
                text6                               67F      67F       24         0
                text5                               785      785       46         0
                text4                               65D      65D       22         0
                text3                               6FE      6FE       42         0
                text2                               740      740       45         0
                text1                               6CF      6CF       2F         0
                maintext                            6A3      6A3       2C         0
                inittext                            64A      64A       13         0
                idataCOMMON                         642      642        8         0

        CLASS   STRCODE        

        CLASS   STRING         
                strings                               3        3        F         0

        CLASS   CONST          

        CLASS   ENTRY          

        CLASS   COMMON         
                cstackCOMMON                         78       78        5         1
                dataCOMMON                           70       70        8         1
                bssCOMMON                            7D       7D        1         1

        CLASS   BANK0          

        CLASS   BANK1          

        CLASS   BANK2          

        CLASS   BANK3          

        CLASS   RAM            

        CLASS   ABS1           
                abs_s1                               7E       7E        2         1

        CLASS   SFR0           

        CLASS   SFR1           

        CLASS   SFR2           

        CLASS   SFR3           

        CLASS   CONFIG         
                config                             2007     2007        1         4

        CLASS   IDLOC          
                idloc                              2000     2000        4         5

        CLASS   EEDATA         

        CLASS   STACK          



SEGMENTS        Name                           Load    Length   Top    Selector   Space  Class     Delta

                reset_vec                      000000  000003  000003         0       0  CODE        2
                strings                        000003  00000F  000012         6       0  STRING      2
                dataCOMMON                     000070  00000E  00007E        70       1  COMMON      1
                text7                          000640  000002  000642       C80       0  CODE        2
                idataCOMMON                    000642  000008  00064A       C84       0  CODE        2
                inittext                       00064A  000013  00065D       C94       0  CODE        2
                text4                          00065D  000022  00067F       CBA       0  CODE        2
                text6                          00067F  000024  0006A3       CFE       0  CODE        2
                maintext                       0006A3  00002C  0006CF       D46       0  CODE        2
                text1                          0006CF  00002F  0006FE       D9E       0  CODE        2
                text3                          0006FE  000042  000740       DFC       0  CODE        2
                text2                          000740  000045  000785       E80       0  CODE        2
                text5                          000785  000046  0007CB       F0A       0  CODE        2
                cinit                          0007CB  000035  000800       F96       0  CODE        2


UNUSED ADDRESS RANGES

        Name                Unused          Largest block    Delta
        BANK0            0020-006F             50           1
        BANK1            00A0-00EF             50           1
        BANK2            0110-016F             60           1
        BANK3            0190-01EF             60           1
        CODE             0012-063F            62E           2
                         0800-1FFF            800
        CONST            0012-063F            100           2
                         0800-1FFF            100
        EEDATA           2100-21FF            100           2
        ENTRY            0012-063F            100           2
                         0800-1FFF            100
        RAM              0020-006F             50           1
                         00A0-00EF             50
                         0110-016F             60
                         0190-01EF             60
        SFR0             0000-001F             20           1
        SFR1             0080-009F             20           1
        SFR2             0100-010F             10           1
        SFR3             0180-018F             10           1
        STRCODE          0012-063F            62E           2
                         0800-1FFF           1800
        STRING           0012-063F            100           2
                         0800-1FFF            100

                                  Symbol Table

_CGRAM1                             dataCOMMON   0070
_LCD_Init                           text6        067F
_LCD_delay                          text7        0640
_PORTB                              (abs)        0006
_PORTBbits                          (abs)        0006
_TRISB                              (abs)        0086
_TRISBbits                          (abs)        0086
__Habs1                             abs1         0000
__Hbank0                            bank0        0000
__Hbank1                            bank1        0000
__Hbank2                            bank2        0000
__Hbank3                            bank3        0000
__HbssCOMMON                        bssCOMMON    0000
__Hcinit                            cinit        0800
__Hclrtext                          clrtext      0000
__Hcode                             code         0000
__Hcommon                           common       0000
__Hconfig                           config       2008
__HcstackCOMMON                     cstackCOMMON 0000
__HdataCOMMON                       dataCOMMON   0000
__Heeprom_data                      eeprom_data  0000
__Hend_init                         end_init     0003
__Hfunctab                          functab      0000
__HidataCOMMON                      idataCOMMON  0000
__Hidloc                            idloc        2004
__Hinit                             init         0000
__Hinittext                         inittext     0000
__Hintentry                         intentry     0000
__Hmaintext                         maintext     0000
__Hpowerup                          powerup      0000
__Hram                              ram          0000
__Hreset_vec                        reset_vec    0000
__Hsfr0                             sfr0         0000
__Hsfr1                             sfr1         0000
__Hsfr2                             sfr2         0000
__Hsfr3                             sfr3         0000
__Hspace_0                          (abs)        0800
__Hspace_1                          (abs)        007E
__Hspace_2                          (abs)        0000
__Hspace_3                          (abs)        0000
__Hspace_4                          (abs)        400F
__Hstack                            stack        0000
__Hstrings                          strings      0000
__Htext                             text         0000
__Labs1                             abs1         0000
__Lbank0                            bank0        0000
__Lbank1                            bank1        0000
__Lbank2                            bank2        0000
__Lbank3                            bank3        0000
__LbssCOMMON                        bssCOMMON    0000
__Lcinit                            cinit        07CB
__Lclrtext                          clrtext      0000
__Lcode                             code         0000
__Lcommon                           common       0000
__Lconfig                           config       0000
__LcstackCOMMON                     cstackCOMMON 0000
__LdataCOMMON                       dataCOMMON   0000
__Leeprom_data                      eeprom_data  0000
__Lend_init                         end_init     0000
__Lfunctab                          functab      0000
__LidataCOMMON                      idataCOMMON  0000
__Lidloc                            idloc        0000
__Linit                             init         0000
__Linittext                         inittext     0000
__Lintentry                         intentry     0000
__Lmaintext                         maintext     0000
__Lpowerup                          powerup      0000
__Lram                              ram          0000
__Lreset_vec                        reset_vec    0000
__Lsfr0                             sfr0         0000
__Lsfr1                             sfr1         0000
__Lsfr2                             sfr2         0000
__Lsfr3                             sfr3         0000
__Lspace_0                          (abs)        0000
__Lspace_1                          (abs)        0000
__Lspace_2                          (abs)        0000
__Lspace_3                          (abs)        0000
__Lspace_4                          (abs)        0000
__Lstack                            stack        0000
__Lstrings                          strings      0000
__Ltext                             text         0000
__S0                                (abs)        0800
__S1                                (abs)        007E
__S3                                (abs)        0000
___int_sp                           stack        0000
___latbits                          (abs)        0002
___sp                               stack        0000
___stackhi                          (abs)        0000
___stacklo                          (abs)        0000
__end_of_LCD_Init                   text6        06A3
__end_of_LCD_delay                  text7        0642
__end_of__initialization            cinit        07FC
__end_of__stringtab                 strings      0009
__end_of_escribir_cadena            text4        067F
__end_of_escribir_caracter          text5        07CB
__end_of_escribir_caracter_especial text1        06FE
__end_of_escribir_comando           text3        0740
__end_of_leer_direccion_DDRAM       text2        0785
__end_of_main                       maintext     06CF
__initialization                    cinit        07CB
__pbssCOMMON                        bssCOMMON    007D
__pcstackCOMMON                     cstackCOMMON 0078
__pdataCOMMON                       dataCOMMON   0070
__pidataCOMMON                      idataCOMMON  0642
__pmaintext                         maintext     06A3
__pstrings                          strings      0003
__ptext1                            text1        06CF
__ptext2                            text2        0740
__ptext3                            text3        06FE
__ptext4                            text4        065D
__ptext5                            text5        0785
__ptext6                            text6        067F
__ptext7                            text7        0640
__stringbase                        strings      0008
__stringtab                         strings      0003
_direccion_DDRAM                    bssCOMMON    007D
_escribir_cadena                    text4        065D
_escribir_caracter                  text5        0785
_escribir_caracter_especial         text1        06CF
_escribir_comando                   text3        06FE
_leer_direccion_DDRAM               text2        0740
_main                               maintext     06A3
btemp                               (abs)        007E
end_of_initialization               cinit        07FC
escribir_cadena@cadena              cstackCOMMON 007B
escribir_cadena@i                   cstackCOMMON 007C
escribir_caracter@caracter          cstackCOMMON 0079
escribir_caracter_especial@DirCGRAM cstackCOMMON 007B
escribir_caracter_especial@i        cstackCOMMON 007C
escribir_comando@comando            cstackCOMMON 0079
init_fetch0                         inittext     064A
init_ram0                           inittext     064E
intlevel0                           functab      0000
intlevel1                           functab      0000
intlevel2                           functab      0000
intlevel3                           functab      0000
intlevel4                           functab      0000
intlevel5                           functab      0000
reset_vec                           reset_vec    0000
start                               init         0000
start_initialization                cinit        07CB
wtemp0                              (abs)        007E


MODULE INFORMATION

Module		Function		Class		Link	Load	Size
LCD16x2.c
		_escribir_caracter		CODE           	0785	0000	70
		_LCD_Init      		CODE           	067F	0000	36
		_escribir_cadena		CODE           	065D	0000	34
		_leer_direccion_DDRAM		CODE           	0740	0000	69
		_escribir_caracter_especial		CODE           	06CF	0000	47
		_LCD_delay     		CODE           	0640	0000	2
		_escribir_comando		CODE           	06FE	0000	66

LCD16x2.c estimated size: 324

shared
		__stringtab    		STRING         	0003	0000	6
		__initialization		CODE           	07CB	0000	49

shared estimated size: 55

MAIN.c
		_main          		CODE           	06A3	0000	44

MAIN.c estimated size: 44

